[johnnashola.wixsite.com/website-1.html]
[static.parastorage.com/unpkg/core-js-bundle@3.2.1/minified.js]
[static.parastorage.com/unpkg/focus-within-polyfill@5.0.9/dist/focus-within-polyfill.js]
[polyfill.io/v3/polyfill.mind82c.js]
[johnnashola.wixsite.com/website-1/decodeURIComponent(e]
[static.parastorage.com/services/santa-resources/resources/viewer/editorUI/fonts.v10.png]
[backblue.gif]
[fade.gif]
[index.html]
[johnnashola.wixsite.com/website-1/_api/v2/dynamicmodel.json]
[static.parastorage.com/services/wixstores-client-gallery/1.1379.0/gallery.bundle.min.js]
[static.parastorage.com/services/wixstores-client-gallery/1.1379.0/galleryController.bundle.min.js]
[static.parastorage.com/services/wixstores-client-cart-icon/1.711.0/cartIcon.bundle.min.js]
[static.parastorage.com/services/wixstores-client-product-page/1.1421.0/productPage.bundle.min.js]
[static.parastorage.com/services/wixstores-client-product-widget/1.730.0/productWidget.bundle.min.js]
[static.parastorage.com/services/wixstores-client-product-widget/1.730.0/productWidgetController.bundle.min.js]
[static.parastorage.com/services/wixstores-client-add-to-cart/1.323.0/addToCart.bundle.min.js]
[static.parastorage.com/services/wixstores-client-wishlist/1.497.0/wishlist.bundle.min.js]
[static.parastorage.com/services/wixstores-client-gallery/1.1379.0/sliderGallery.bundle.min.js]
[static.parastorage.com/services/wixstores-client-worker/1.1183.0/thankYouPageController.bundle.min.js]
[static.parastorage.com/services/wixstores-client-worker/1.1183.0/editor.bundle.min.js]
[static.parastorage.com/services/wix-thunderbolt/dist/clientWorker.80a058d4.bundle.min.js]
[static.parastorage.com/services/wix-form-builder/1.3408.0/editor-app.bundle.min.js]
[static.parastorage.com/services/wix-form-builder/1.3408.0/viewer-app.bundle.min.js]
[static.parastorage.com/services/wixstores-client-worker/1.1183.0/viewerScript.bundle.min.js]
[static.parastorage.com/services/wixstores-client-cart-icon/1.711.0/cartIconController.bundle.min.js]
[static.parastorage.com/services/wixstores-client-product-page/1.1421.0/productPageController.bundle.min.js]
[static.parastorage.com/services/wixstores-client-add-to-cart/1.323.0/addToCartController.bundle.min.js]
[static.parastorage.com/services/wixstores-client-wishlist/1.497.0/wishlistController.bundle.min.js]
[static.parastorage.com/services/wixstores-client-gallery/1.1379.0/sliderGalleryController.bundle.min.js]
[static.parastorage.com/services/editor-elements/1.2316.0/componentSSRSdks.bundle.js]
[static.parastorage.com/services/editor-elements/dist/componentSdks.98f9fe67.bundle.min.js]
[johnnashola.wixsite.com/website-1/robots.txt]
[johnnashola.wixsite.com/website-1/sitemap.xml]
[johnnashola.wixsite.com/website-1/feed.xml]
[johnnashola.wixsite.com/website-1/$&/index.html]
[static.parastorage.com/services/wix-thunderbolt/dist/bootstrap-features.d1735002.chunk.min.js]
[johnnashola.wixsite.com/_partials/index.html]
[static.parastorage.com/services/wix-thunderbolt/dist/main.d3b8fe54.chunk.min.js]
[static.parastorage.com/unpkg/lodash@4.17.15/lodash.min.js]
[static.parastorage.com/services/wix-thunderbolt/dist/wix-code-sdk-providers.9666147a.chunk.min.js]
[static.parastorage.com/services/wix-thunderbolt/dist/siteMembers.aa90fdf9.chunk.min.js]
[static.parastorage.com/services/wix-thunderbolt/dist/siteScrollBlocker.afce05eb.chunk.min.js]
[static.parastorage.com/services/wix-thunderbolt/dist/tpaCommons.95d016ec.chunk.min.js]
[static.parastorage.com/services/wix-thunderbolt/dist/windowMessageRegistrar.64195e95.chunk.min.js]
[static.parastorage.com/services/wix-thunderbolt/dist/platform.84625171.chunk.min.js]
[static.parastorage.com/services/wix-thunderbolt/dist/vendors_vendor-react-dom.8409266d.chunk.min.js]
[static.parastorage.com/services/wix-thunderbolt/dist/vendor-react-dom.d957af46.chunk.min.js]
[browser.sentry-cdn.com/5.21.4/bundle.min.js]
[static.parastorage.com/services/tag-manager-client/1.126.0/siteTags.bundle.min.js]
[johnnashola.wixsite.com/index.html]
[static.parastorage.com/services/editor-elements/dist/thunderboltElements.aa04a7a4.bundle.min.js]
[static.parastorage.com/services/wix-perf-measure/1.218.0/wix-perf-measure.bundle.min.js]
[static.parastorage.com/services/wix-thunderbolt/dist/activePopup.8e7c5ef9.chunk.min.js]
[static.parastorage.com/services/wix-thunderbolt/dist/dropdownMenu.ec210910.chunk.min.js]
[static.parastorage.com/services/wix-thunderbolt/dist/navigation.d4b7baa6.chunk.min.js]
[static.parastorage.com/services/wix-thunderbolt/dist/ooiTpaSharedConfig.fa6d533b.chunk.min.js]
[static.parastorage.com/services/wix-thunderbolt/dist/ooi.ee07e8c5.chunk.min.js]
[static.parastorage.com/services/wix-thunderbolt/dist/pageScroll.6be15a3d.chunk.min.js]
[static.parastorage.com/services/wix-thunderbolt/dist/platformPubsub.23eb1e09.chunk.min.js]
[static.parastorage.com/services/wix-thunderbolt/dist/scrollRestoration.5e55489b.chunk.min.js]
[static.parastorage.com/services/wix-thunderbolt/dist/scrollToAnchor.a1bf7967.chunk.min.js]
[static.parastorage.com/services/wix-thunderbolt/dist/tpa.1417301f.chunk.min.js]
[static.parastorage.com/services/wix-thunderbolt/dist/windowScroll.efa5803c.chunk.min.js]
[static.parastorage.com/services/wix-thunderbolt/dist/landingPage.9f8899ed.chunk.min.js]
[static.parastorage.com/services/wix-thunderbolt/dist/onloadCompsBehaviors.a4c0b445.chunk.min.js]
[static.parastorage.com/services/wix-thunderbolt/dist/pageAnchors.aebb7081.chunk.min.js]
[static.parastorage.com/services/wix-thunderbolt/dist/pageTransitions.d170fa3b.chunk.min.js]
[static.parastorage.com/services/editor-elements/dist/bootstrap-components.ad85f13c.chunk.min.js]
[static.parastorage.com/services/editor-elements/dist/FiveGridLine.d3f762c7.chunk.min.js]
[static.parastorage.com/services/editor-elements/dist/DropDownMenu_TextOnlyMenuButtonSkin.5027905c.chunk.min.js]
[static.parastorage.com/services/editor-elements/dist/FreemiumBannerDesktop.5e6786a5.chunk.min.js]
[johnnashola.wixsite.com/website-1/shop.html]
[johnnashola.wixsite.com/website-1.html]
[johnnashola.wixsite.com/website-1/decodeURIComponent(e.html]
[johnnashola.wixsite.com/website-1/robots.html]
[johnnashola.wixsite.com/website-1/feed.html]
[johnnashola.wixsite.com/website-1/$&/index.html]
[johnnashola.wixsite.com/_partials/index.html]
[johnnashola.wixsite.com/index.html]
[johnnashola.wixsite.com/website-1/index.html]
[johnnashola.wixsite.com/website-1/index.html]
[johnnashola.wixsite.com/website-1/cart-page.html]
[static.wixstatic.com/media/79f9f5_414d5ccf57a1423083f5fd3a77f89ea6_mv2.jpg/v1/fill/w_100,h_100,al_c,q_80,usm_0.66_1.00_0.01/79f9f5_414d5ccf57a1423083f5fd3a77f89ea6_mv2.jpg]
[johnnashola.wixsite.com/website-1/shop.html]
[johnnashola.wixsite.com/website-1/product-page/hp-pavilion-27xw-27-inch-full-hd-1080p-ips-led-monitor-with-vga-and-hdmi-ports.html]
[johnnashola.wixsite.com/website-1/cart-page.html]
[static.parastorage.com/services/wix-thunderbolt/dist/tpa-components.c1c9f6d6.chunk.min.js]
[johnnashola.wixsite.com/website-1/;-$Path=/;-$Path=/;-SameSite=none;-$Path=]
[johnnashola.wixsite.com/website-1/; $Path=/; $Path=/; SameSite=none; $Path=/index.html]
[johnnashola.wixsite.com/website-1/;-$Path=/;-XSRF-TOKEN=1599756380_SW6og52cP4RM;-$Path=/;-hs=425542645;-$Path=/;-$Path=/;-SameSite=none;-$Path=]
[johnnashola.wixsite.com/website-1/; $Path=/; XSRF-TOKEN=1599756380_SW6og52cP4RM; $Path=/; hs=425542645; $Path=/; $Path=/; SameSite=none; $Path=/index.html]
[static.wixstatic.com/media/79f9f5_414d5ccf57a1423083f5fd3a77f89ea6_mv2.jpg/v1/fill/w_800,h_450,al_c,q_85/79f9f5_414d5ccf57a1423083f5fd3a77f89ea6_mv2.jpg]
[static.wixstatic.com/media/79f9f5_414d5ccf57a1423083f5fd3a77f89ea6_mv2.jpg/v1/fill/w_800,h_450,al_c,q_50/79f9f5_414d5ccf57a1423083f5fd3a77f89ea6_mv2.jpg]
[johnnashola.wixsite.com/website-1/product-page/hp-pavilion-27xw-27-inch-full-hd-1080p-ips-led-monitor-with-vga-and-hdmi-ports.html]
[johnnashola.wixsite.com/website-1/;-$Path=/;-$Path=/;-SameSite=none;-$Path=.html]
[johnnashola.wixsite.com/website-1/;-$Path=/;-XSRF-TOKEN=1599756380_SW6og52cP4RM;-$Path=/;-hs=425542645;-$Path=/;-$Path=/;-SameSite=none;-$Path=.html]
